// Jest Snapshot v1, https://jestjs.io/docs/snapshot-testing

exports[`peer references builds host with peer reference and round-trips the relative path 1`] = `
"[project]
name = \\"peer-host\\"
target = { type = \\"xlsm\\", path = \\"targets/xlsm\\" }

[source.files]
Usage = \\"src/Usage.bas\\"
Sheet1 = \\"src/Sheet1.cls\\"
ThisWorkbook = \\"src/ThisWorkbook.cls\\"

[references]
AddinPeer = { peer = true, path = \\"src/AddinPeer/build/AddinPeer.xlam\\" }
"
`;
